// Jest Snapshot v1, https://goo.gl/fbAQLP

exports[`NoMatch should render properly 1`] = `
<div>
  <h1>
    404 error
  </h1>
  <p>
    The page you requested was not found.
  </p>
</div>
`;
