// Jest Snapshot v1, https://goo.gl/fbAQLP

exports[`SearchView initialization should render properly 1`] = `
ShallowWrapper {
  "length": 1,
  Symbol(enzyme.__root__): [Circular],
  Symbol(enzyme.__unrendered__): <SearchView
    getShelfAndRender={[MockFunction]}
    setStateOnApiReturn={[MockFunction]}
    shelfKeyValueStore={
      Object {
        "def": Object {
          "id": "def",
          "shelf": "currentlyReading",
          "title": "fake title 2",
        },
      }
    }
  />,
  Symbol(enzyme.__renderer__): Object {
    "batchedUpdates": [Function],
    "getNode": [Function],
    "render": [Function],
    "simulateEvent": [Function],
    "unmount": [Function],
  },
  Symbol(enzyme.__node__): Object {
    "instance": null,
    "key": undefined,
    "nodeType": "host",
    "props": Object {
      "children": Array [
        <SearchBar
          handleChange={[Function]}
          query=""
        />,
        <BookRow
          changeBookshelf={[Function]}
          displaySearch={true}
          shelf={Array []}
          shelfTitle="Search Results"
        />,
      ],
    },
    "ref": null,
    "rendered": Array [
      Object {
        "instance": null,
        "key": undefined,
        "nodeType": "function",
        "props": Object {
          "handleChange": [Function],
          "query": "",
        },
        "ref": null,
        "rendered": null,
        "type": [Function],
      },
      Object {
        "instance": null,
        "key": undefined,
        "nodeType": "function",
        "props": Object {
          "changeBookshelf": [Function],
          "displaySearch": true,
          "shelf": Array [],
          "shelfTitle": "Search Results",
        },
        "ref": null,
        "rendered": null,
        "type": [Function],
      },
    ],
    "type": "div",
  },
  Symbol(enzyme.__nodes__): Array [
    Object {
      "instance": null,
      "key": undefined,
      "nodeType": "host",
      "props": Object {
        "children": Array [
          <SearchBar
            handleChange={[Function]}
            query=""
          />,
          <BookRow
            changeBookshelf={[Function]}
            displaySearch={true}
            shelf={Array []}
            shelfTitle="Search Results"
          />,
        ],
      },
      "ref": null,
      "rendered": Array [
        Object {
          "instance": null,
          "key": undefined,
          "nodeType": "function",
          "props": Object {
            "handleChange": [Function],
            "query": "",
          },
          "ref": null,
          "rendered": null,
          "type": [Function],
        },
        Object {
          "instance": null,
          "key": undefined,
          "nodeType": "function",
          "props": Object {
            "changeBookshelf": [Function],
            "displaySearch": true,
            "shelf": Array [],
            "shelfTitle": "Search Results",
          },
          "ref": null,
          "rendered": null,
          "type": [Function],
        },
      ],
      "type": "div",
    },
  ],
  Symbol(enzyme.__options__): Object {
    "adapter": ReactSixteenAdapter {
      "options": Object {
        "enableComponentDidUpdateOnSetState": true,
      },
    },
    "disableLifecycleMethods": true,
  },
}
`;
