// Jest Snapshot v1, https://goo.gl/fbAQLP

exports[`SearchButton should render correctly 1`] = `
<div
  className="open-search"
>
  <Link
    replace={false}
    to="my-reads/search"
  >
    Add a book
  </Link>
</div>
`;
